Yes
1 2 3
2 3 1
3 1 2
No
Yes
1
Yes
1 2 5 4 3
2 3 1 5 4
5 1 4 3 2
4 5 3 2 1
3 4 2 1 5
