437926
528156
284664
94842632
158208162
985930968
548875758
875494466
345599613
605424119
111381243
768586512
